HAL_FONA.c:21:6:print_char	24	static
HAL_FONA.c:33:6:GPIO_Write	16	static
HAL_FONA.c:38:6:power_on_cell	8	static
HAL_FONA.c:46:6:reset_cell	8	static
HAL_FONA.c:73:6:begin	64	static
HAL_FONA.c:136:6:send_check_reply	24	static
HAL_FONA.c:144:9:transmit	1064	static
HAL_FONA.c:187:9:readline	56	static
HAL_FONA.c:247:6:flushInput	24	static
HAL_FONA.c:261:6:println	16	static
HAL_FONA.c:282:6:setNetworkSettings	16	static
HAL_FONA.c:292:6:sendSMS	1056	static
HAL_FONA.c:345:6:enableGPS	24	static
HAL_FONA.c:376:9:get_GPS	40	static
HAL_FONA.c:400:6:gGPS	176	static
