HAL_FONA.c:21:6:print_char	24	static
HAL_FONA.c:33:6:GPIO_Write	16	static
HAL_FONA.c:38:6:power_on_cell	8	static
HAL_FONA.c:46:6:reset_cell	8	static
HAL_FONA.c:73:6:begin	24	static
HAL_FONA.c:146:6:send_check_reply	24	static
HAL_FONA.c:154:9:transmit	1064	static
HAL_FONA.c:197:9:readline	56	static
HAL_FONA.c:257:6:flushInput	24	static
HAL_FONA.c:271:6:println	16	static
HAL_FONA.c:292:6:setNetworkSettings	16	static
HAL_FONA.c:302:6:sendSMS	1056	static
HAL_FONA.c:355:6:enableGPS	24	static
HAL_FONA.c:386:9:get_GPS	40	static
HAL_FONA.c:410:6:gGPS	168	static
