main.c:89:6:readMPU	40	static
main.c:103:6:writeMPU	32	static
main.c:126:6:SetupMPU	16	static
main.c:184:6:MPUSleep	16	static
main.c:198:13:getMPU	80	static
main.c:229:6:detect_fall	16	static
main.c:242:6:push_MPU_data	96	static
main.c:246:6:MPU_Interrupt	48	static
main.c:262:6:Beep_sos	24	static
main.c:288:6:Beep_sendmsg_warning	16	static
main.c:301:6:Beep_reset	8	static
main.c:317:5:main	8	static
main.c:378:6:SystemClock_Config	96	static
main.c:421:13:MX_I2C3_Init	8	static
main.c:467:13:MX_LPUART1_UART_Init	8	static
main.c:515:13:MX_TIM4_Init	64	static
main.c:574:13:MX_GPIO_Init	64	static
main.c:809:1:__io_putchar	16	static
main.c:821:6:Error_Handler	4	static,ignoring_inline_asm
