core_cm4.h:1679:22:__NVIC_EnableIRQ	16	static,ignoring_inline_asm
core_cm4.h:1717:22:__NVIC_DisableIRQ	16	static,ignoring_inline_asm
main.c:114:6:readMPU	40	static
main.c:128:6:writeMPU	32	static
main.c:151:6:SetupMPU	16	static
main.c:209:6:MPUSleep	16	static
main.c:223:13:getMPU	80	static
main.c:254:6:detect_fall	16	static
main.c:267:6:push_MPU_data	96	static
main.c:271:6:MPU_Interrupt	48	static
main.c:287:6:Beep_sos	24	static
main.c:313:6:Beep_sendmsg_warning	16	static
main.c:326:6:Beep_reset	8	static
main.c:343:5:main	384	static
main.c:658:6:SystemClock_Config	96	static
main.c:701:13:MX_I2C1_Init	8	static
main.c:747:13:MX_I2C3_Init	8	static
main.c:793:13:MX_LPUART1_UART_Init	8	static
main.c:841:13:MX_USART3_UART_Init	8	static
main.c:889:13:MX_TIM4_Init	64	static
main.c:948:13:MX_GPIO_Init	64	static
main.c:1189:1:__io_putchar	16	static
main.c:1201:6:Error_Handler	4	static,ignoring_inline_asm
